###############################################################################
#
# IAR ELF Linker V7.60.2.11341/W32 for ARM                02/Jul/2018  14:37:45
# Copyright 2007-2016 IAR Systems AB.
#
#    Output file  =  F:\New Sale System\Code\Master\EWARM\Master\Exe\Master.out
#    Map file     =  
#        F:\New Sale System\Code\Master\EWARM\Master\List\Master.map
#    Command line =  
#        "F:\New Sale System\Code\Master\EWARM\Master\Obj\cmsis_os.o" "F:\New
#        Sale System\Code\Master\EWARM\Master\Obj\communication.o" "F:\New Sale
#        System\Code\Master\EWARM\Master\Obj\control.o" "F:\New Sale
#        System\Code\Master\EWARM\Master\Obj\croutine.o" "F:\New Sale
#        System\Code\Master\EWARM\Master\Obj\event_groups.o" "F:\New Sale
#        System\Code\Master\EWARM\Master\Obj\freertos.o" "F:\New Sale
#        System\Code\Master\EWARM\Master\Obj\heap_4.o" "F:\New Sale
#        System\Code\Master\EWARM\Master\Obj\list.o" "F:\New Sale
#        System\Code\Master\EWARM\Master\Obj\main.o" "F:\New Sale
#        System\Code\Master\EWARM\Master\Obj\port.o" "F:\New Sale
#        System\Code\Master\EWARM\Master\Obj\portasm.o" "F:\New Sale
#        System\Code\Master\EWARM\Master\Obj\queue.o" "F:\New Sale
#        System\Code\Master\EWARM\Master\Obj\startup_stm32f103xb.o" "F:\New
#        Sale System\Code\Master\EWARM\Master\Obj\stm32f1xx_hal.o" "F:\New Sale
#        System\Code\Master\EWARM\Master\Obj\stm32f1xx_hal_can.o" "F:\New Sale
#        System\Code\Master\EWARM\Master\Obj\stm32f1xx_hal_cortex.o" "F:\New
#        Sale System\Code\Master\EWARM\Master\Obj\stm32f1xx_hal_dma.o" "F:\New
#        Sale System\Code\Master\EWARM\Master\Obj\stm32f1xx_hal_flash.o"
#        "F:\New Sale
#        System\Code\Master\EWARM\Master\Obj\stm32f1xx_hal_flash_ex.o" "F:\New
#        Sale System\Code\Master\EWARM\Master\Obj\stm32f1xx_hal_gpio.o" "F:\New
#        Sale System\Code\Master\EWARM\Master\Obj\stm32f1xx_hal_gpio_ex.o"
#        "F:\New Sale System\Code\Master\EWARM\Master\Obj\stm32f1xx_hal_msp.o"
#        "F:\New Sale System\Code\Master\EWARM\Master\Obj\stm32f1xx_hal_pwr.o"
#        "F:\New Sale System\Code\Master\EWARM\Master\Obj\stm32f1xx_hal_rcc.o"
#        "F:\New Sale
#        System\Code\Master\EWARM\Master\Obj\stm32f1xx_hal_rcc_ex.o" "F:\New
#        Sale System\Code\Master\EWARM\Master\Obj\stm32f1xx_hal_tim.o" "F:\New
#        Sale System\Code\Master\EWARM\Master\Obj\stm32f1xx_hal_tim_ex.o"
#        "F:\New Sale
#        System\Code\Master\EWARM\Master\Obj\stm32f1xx_hal_timebase_TIM.o"
#        "F:\New Sale System\Code\Master\EWARM\Master\Obj\stm32f1xx_hal_uart.o"
#        "F:\New Sale System\Code\Master\EWARM\Master\Obj\stm32f1xx_it.o"
#        "F:\New Sale System\Code\Master\EWARM\Master\Obj\system_stm32f1xx.o"
#        "F:\New Sale System\Code\Master\EWARM\Master\Obj\tasks.o" "F:\New Sale
#        System\Code\Master\EWARM\Master\Obj\timers.o" --redirect
#        _Printf=_PrintfFull --redirect _Scanf=_ScanfFull -o "F:\New Sale
#        System\Code\Master\EWARM\Master\Exe\Master.out" --map "F:\New Sale
#        System\Code\Master\EWARM\Master\List\Master.map" --config "F:\New Sale
#        System\Code\Master\EWARM/stm32f103xb_flash.icf" --semihosting --entry
#        __iar_program_start --vfe
#
###############################################################################

*******************************************************************************
*** RUNTIME MODEL ATTRIBUTES
***

CppFlavor       = *
__SystemLibrary = DLib


*******************************************************************************
*** PLACEMENT SUMMARY
***

"A1":  place at 0x08000000 { ro section .intvec };
"P1":  place in [from 0x08000000 to 0x0801ffff] { ro };
"P2":  place in [from 0x20000000 to 0x20004fff] { rw, block CSTACK, block HEAP };
initialize by copy { rw };

  Section            Kind        Address    Size  Object
  -------            ----        -------    ----  ------
"A1":                                       0xec
  .intvec            ro code  0x08000000    0xec  startup_stm32f103xb.o [1]
                            - 0x080000ec    0xec

"P1":                                     0x38bc
  .text              ro code  0x080000ec   0xa68  stm32f1xx_hal_can.o [1]
  .text              ro code  0x08000b54   0x2a0  stm32f1xx_hal_msp.o [1]
  .text              ro code  0x08000df4    0x44  stm32f1xx_hal.o [1]
  .text              ro code  0x08000e38   0x192  control.o [1]
  .rodata            const    0x08000fca     0x2  stm32f1xx_hal_rcc.o [1]
  .text              ro code  0x08000fcc   0x160  stm32f1xx_hal_cortex.o [1]
  .text              ro code  0x0800112c   0x310  stm32f1xx_hal_gpio.o [1]
  .text              ro code  0x0800143c   0x2d4  stm32f1xx_hal_dma.o [1]
  .text              ro code  0x08001710   0x438  main.o [1]
  .text              ro code  0x08001b48    0x90  stm32f1xx_hal_timebase_TIM.o [1]
  .text              ro code  0x08001bd8    0x30  communication.o [1]
  .text              ro code  0x08001c08    0x66  ABImemset.o [4]
  .text              ro code  0x08001c70    0x56  ABImemcpy_unaligned.o [4]
  .text              ro code  0x08001cc8    0x5a  cmsis_os.o [1]
  .text              ro code  0x08001d24   0x734  stm32f1xx_hal_rcc.o [1]
  .text              ro code  0x08002458   0x3c4  stm32f1xx_hal_uart.o [1]
  .text              ro code  0x0800281c   0x250  stm32f1xx_hal_tim.o [1]
  .text              ro code  0x08002a6c   0x6e4  tasks.o [1]
  .text              ro code  0x08003150   0x1a4  port.o [1]
  .text              ro code  0x080032f4     0x6  stm32f1xx_hal_tim_ex.o [1]
  .text              ro code  0x080032fc   0x284  heap_4.o [1]
  .text              ro code  0x08003580    0x64  list.o [1]
  CODE               ro code  0x080035e4    0x88  portasm.o [1]
  .text              ro code  0x0800366c    0x68  system_stm32f1xx.o [1]
  .text              ro code  0x080036d4    0x60  stm32f1xx_it.o [1]
  .text              ro code  0x08003734    0x40  zero_init3.o [4]
  .rodata            const    0x08003774    0x38  stm32f1xx_hal_msp.o [1]
  .rodata            const    0x080037ac    0x2c  main.o [1]
  .text              ro code  0x080037d8    0x2c  copy_init3.o [4]
  .text              ro code  0x08003804    0x28  data_init.o [4]
  .iar.init_table    const    0x0800382c    0x24  - Linker created -
  .text              ro code  0x08003850    0x1a  cmain.o [4]
  .text              ro code  0x0800386a     0x4  low_level_init.o [3]
  .text              ro code  0x0800386e     0x4  exit.o [3]
  .text              ro code  0x08003874     0xa  cexit.o [4]
  .text              ro code  0x08003880    0x14  exit.o [5]
  .rodata            const    0x08003894    0x14  main.o [1]
  .rodata            const    0x080038a8    0x10  stm32f1xx_hal_rcc.o [1]
  .rodata            const    0x080038b8    0x10  system_stm32f1xx.o [1]
  .text              ro code  0x080038c8    0x10  startup_stm32f103xb.o [1]
  Initializer bytes  const    0x080038d8    0x10  <for P2-1>
  .rodata            const    0x080038e8     0xc  main.o [1]
  .text              ro code  0x080038f4     0xc  cstartup_M.o [4]
  .rodata            const    0x08003900     0x8  system_stm32f1xx.o [1]
  .rodata            const    0x08003908     0x8  tasks.o [1]
  .rodata            const    0x08003910     0x4  heap_4.o [1]
  .text              ro code  0x08003914     0x4  startup_stm32f103xb.o [1]
  .text              ro code  0x08003918     0x4  startup_stm32f103xb.o [1]
  .text              ro code  0x0800391c     0x4  startup_stm32f103xb.o [1]
  .text              ro code  0x08003920     0x4  startup_stm32f103xb.o [1]
  .text              ro code  0x08003924     0x4  startup_stm32f103xb.o [1]
  .text              ro code  0x08003928     0x4  startup_stm32f103xb.o [1]
  .text              ro code  0x0800392c     0x4  startup_stm32f103xb.o [1]
  .text              ro code  0x08003930     0x4  startup_stm32f103xb.o [1]
  .text              ro code  0x08003934     0x4  startup_stm32f103xb.o [1]
  .text              ro code  0x08003938     0x4  startup_stm32f103xb.o [1]
  .text              ro code  0x0800393c     0x4  startup_stm32f103xb.o [1]
  .text              ro code  0x08003940     0x4  startup_stm32f103xb.o [1]
  .text              ro code  0x08003944     0x4  startup_stm32f103xb.o [1]
  .text              ro code  0x08003948     0x4  startup_stm32f103xb.o [1]
  .text              ro code  0x0800394c     0x4  startup_stm32f103xb.o [1]
  .text              ro code  0x08003950     0x4  startup_stm32f103xb.o [1]
  .text              ro code  0x08003954     0x4  startup_stm32f103xb.o [1]
  .text              ro code  0x08003958     0x4  startup_stm32f103xb.o [1]
  .text              ro code  0x0800395c     0x4  startup_stm32f103xb.o [1]
  .text              ro code  0x08003960     0x4  startup_stm32f103xb.o [1]
  .text              ro code  0x08003964     0x4  startup_stm32f103xb.o [1]
  .text              ro code  0x08003968     0x4  startup_stm32f103xb.o [1]
  .text              ro code  0x0800396c     0x4  startup_stm32f103xb.o [1]
  .text              ro code  0x08003970     0x4  startup_stm32f103xb.o [1]
  .text              ro code  0x08003974     0x4  startup_stm32f103xb.o [1]
  .text              ro code  0x08003978     0x4  startup_stm32f103xb.o [1]
  .text              ro code  0x0800397c     0x4  startup_stm32f103xb.o [1]
  .text              ro code  0x08003980     0x4  startup_stm32f103xb.o [1]
  .text              ro code  0x08003984     0x4  startup_stm32f103xb.o [1]
  .text              ro code  0x08003988     0x4  startup_stm32f103xb.o [1]
  .text              ro code  0x0800398c     0x4  startup_stm32f103xb.o [1]
  .text              ro code  0x08003990     0x4  startup_stm32f103xb.o [1]
  .text              ro code  0x08003994     0x4  startup_stm32f103xb.o [1]
  .text              ro code  0x08003998     0x4  startup_stm32f103xb.o [1]
  .text              ro code  0x0800399c     0x4  startup_stm32f103xb.o [1]
  .text              ro code  0x080039a0     0x4  startup_stm32f103xb.o [1]
  .text              ro code  0x080039a4     0x4  startup_stm32f103xb.o [1]
  .rodata            const    0x080039a8     0x0  zero_init3.o [4]
  .rodata            const    0x080039a8     0x0  copy_init3.o [4]
                            - 0x080039a8  0x38bc

"P2", part 1 of 3:                          0x10
  P2-1                        0x20000000    0x10  <Init block>
    .data            inited   0x20000000     0x4  main.o [1]
    .data            inited   0x20000004     0x4  port.o [1]
    .data            inited   0x20000008     0x4  system_stm32f1xx.o [1]
    .data            inited   0x2000000c     0x1  main.o [1]
    .data            inited   0x2000000d     0x1  main.o [1]
    .data            inited   0x2000000e     0x1  main.o [1]
    .data            inited   0x2000000f     0x1  stm32f1xx_hal.o [1]
                            - 0x20000010    0x10

"P2", part 2 of 3:                         0x400
  CSTACK                      0x20000010   0x400  <Block>
    CSTACK           uninit   0x20000010   0x400  <Block tail>
                            - 0x20000410   0x400

"P2", part 3 of 3:                        0x1350
  .bss               zero     0x20000410   0xc00  heap_4.o [1]
  .bss               zero     0x20001010   0x400  communication.o [1]
  .bss               zero     0x20001410    0x8c  tasks.o [1]
  .bss               zero     0x2000149c    0x44  main.o [1]
  .bss               zero     0x200014e0    0x44  main.o [1]
  .bss               zero     0x20001524    0x44  main.o [1]
  .bss               zero     0x20001568    0x40  main.o [1]
  .bss               zero     0x200015a8    0x40  main.o [1]
  .bss               zero     0x200015e8    0x40  stm32f1xx_hal_timebase_TIM.o [1]
  .bss               zero     0x20001628    0x28  main.o [1]
  .bss               zero     0x20001650    0x24  main.o [1]
  .bss               zero     0x20001674    0x1c  main.o [1]
  .bss               zero     0x20001690    0x14  tasks.o [1]
  .bss               zero     0x200016a4    0x14  tasks.o [1]
  .bss               zero     0x200016b8    0x14  tasks.o [1]
  .bss               zero     0x200016cc    0x14  tasks.o [1]
  .bss               zero     0x200016e0    0x14  tasks.o [1]
  .bss               zero     0x200016f4     0x8  heap_4.o [1]
  .bss               zero     0x200016fc     0x4  communication.o [1]
  .bss               zero     0x20001700     0x4  communication.o [1]
  .bss               zero     0x20001704     0x4  heap_4.o [1]
  .bss               zero     0x20001708     0x4  heap_4.o [1]
  .bss               zero     0x2000170c     0x4  heap_4.o [1]
  .bss               zero     0x20001710     0x4  heap_4.o [1]
  .bss               zero     0x20001714     0x4  main.o [1]
  .bss               zero     0x20001718     0x4  port.o [1]
  .bss               zero     0x2000171c     0x4  stm32f1xx_hal.o [1]
  .bss               zero     0x20001720     0x4  tasks.o [1]
  .bss               zero     0x20001724     0x4  tasks.o [1]
  .bss               zero     0x20001728     0x4  tasks.o [1]
  .bss               zero     0x2000172c     0x4  tasks.o [1]
  .bss               zero     0x20001730     0x4  tasks.o [1]
  .bss               zero     0x20001734     0x4  tasks.o [1]
  .bss               zero     0x20001738     0x4  tasks.o [1]
  .bss               zero     0x2000173c     0x4  tasks.o [1]
  .bss               zero     0x20001740     0x4  tasks.o [1]
  .bss               zero     0x20001744     0x4  tasks.o [1]
  .bss               zero     0x20001748     0x4  tasks.o [1]
  .bss               zero     0x2000174c     0x4  tasks.o [1]
  .bss               zero     0x20001750     0x4  tasks.o [1]
  .bss               zero     0x20001754     0x4  tasks.o [1]
  .bss               zero     0x20001758     0x4  tasks.o [1]
  .bss               zero     0x2000175c     0x1  control.o [1]
  .bss               zero     0x2000175d     0x1  main.o [1]
  .bss               zero     0x2000175e     0x1  port.o [1]
                            - 0x2000175f  0x134f


*******************************************************************************
*** INIT TABLE
***

          Address     Size
          -------     ----
Zero (__iar_zero_init3)
    1 destination range, total size 0x134f:
          0x20000410  0x134f

Copy (__iar_copy_init3)
    1 source range, total size 0x10:
          0x080038d8    0x10
    1 destination range, total size 0x10:
          0x20000000    0x10



*******************************************************************************
*** MODULE SUMMARY
***

    Module                        ro code  ro data  rw data
    ------                        -------  -------  -------
F:\New Sale System\Code\Master\EWARM\Master\Obj: [1]
    cmsis_os.o                         90
    communication.o                    48             1 032
    control.o                         402                 1
    heap_4.o                          644        4    3 096
    list.o                            100
    main.o                          1 080       83      448
    port.o                            420        4        9
    portasm.o                         136
    startup_stm32f103xb.o             400
    stm32f1xx_hal.o                    68        1        5
    stm32f1xx_hal_can.o             2 664
    stm32f1xx_hal_cortex.o            352
    stm32f1xx_hal_dma.o               724
    stm32f1xx_hal_gpio.o              784
    stm32f1xx_hal_msp.o               672       56
    stm32f1xx_hal_rcc.o             1 844       18
    stm32f1xx_hal_tim.o               592
    stm32f1xx_hal_tim_ex.o              6
    stm32f1xx_hal_timebase_TIM.o      144                64
    stm32f1xx_hal_uart.o              964
    stm32f1xx_it.o                     96
    system_stm32f1xx.o                104       28        4
    tasks.o                         1 764        8      300
    -------------------------------------------------------
    Total:                         14 098      202    4 959

command line: [2]
    -------------------------------------------------------
    Total:

dl7M_tlf.a: [3]
    exit.o                              4
    low_level_init.o                    4
    -------------------------------------------------------
    Total:                              8

rt7M_tl.a: [4]
    ABImemcpy_unaligned.o              86
    ABImemset.o                       102
    cexit.o                            10
    cmain.o                            26
    copy_init3.o                       44
    cstartup_M.o                       12
    data_init.o                        40
    zero_init3.o                       64
    -------------------------------------------------------
    Total:                            384

shb_l.a: [5]
    exit.o                             20
    -------------------------------------------------------
    Total:                             20

    Gaps                               12
    Linker created                              36    1 024
-----------------------------------------------------------
    Grand Total:                   14 522      238    5 983


*******************************************************************************
*** ENTRY LIST
***

Entry                      Address   Size  Type      Object
-----                      -------   ----  ----      ------
.iar.init_table$$Base   0x0800382c          --   Gb  - Linker created -
.iar.init_table$$Limit  0x08003850          --   Gb  - Linker created -
?main                   0x08003851         Code  Gb  cmain.o [4]
AHBPrescTable           0x080038b8   0x10  Data  Gb  system_stm32f1xx.o [1]
APBPrescTable           0x08003900    0x8  Data  Gb  system_stm32f1xx.o [1]
AllocatingIdAndAddr     0x08000e5b  0x100  Code  Gb  control.o [1]
BusFault_Handler        0x080036db    0x2  Code  Gb  stm32f1xx_it.o [1]
CAN1_RX1_IRQHandler     0x08003711    0xa  Code  Gb  stm32f1xx_it.o [1]
CAN_Filter_Init         0x08001a09   0x84  Code  Lc  main.o [1]
CAN_Receive_IT          0x0800098f  0x1c6  Code  Lc  stm32f1xx_hal_can.o [1]
CAN_Transmit_IT         0x08000931   0x5e  Code  Lc  stm32f1xx_hal_can.o [1]
CSTACK$$Base            0x20000010          --   Gb  - Linker created -
CSTACK$$Limit           0x20000410          --   Gb  - Linker created -
CommunicationInit       0x08001bd9   0x1c  Code  Gb  communication.o [1]
DMA1_Channel5_IRQHandler
                        0x080036e9    0xa  Code  Gb  stm32f1xx_it.o [1]
DMA1_Channel6_IRQHandler
                        0x080036f3    0xa  Code  Gb  stm32f1xx_it.o [1]
DMA_SetConfig           0x080016e5   0x2c  Code  Lc  stm32f1xx_hal_dma.o [1]
DebugMon_Handler        0x080036df    0x2  Code  Gb  stm32f1xx_it.o [1]
Deliver                 0x08000f5b   0x4e  Code  Gb  control.o [1]
DoNothing               0x08000fc5    0x2  Code  Gb  control.o [1]
HAL_CAN_ConfigFilter    0x08000253  0x128  Code  Gb  stm32f1xx_hal_can.o [1]
HAL_CAN_ErrorCallback   0x0800092f    0x2  Code  Wk  stm32f1xx_hal_can.o [1]
HAL_CAN_IRQHandler      0x08000643  0x2d4  Code  Gb  stm32f1xx_hal_can.o [1]
HAL_CAN_Init            0x080000ed  0x166  Code  Gb  stm32f1xx_hal_can.o [1]
HAL_CAN_MspInit         0x08000bf5   0x86  Code  Gb  stm32f1xx_hal_msp.o [1]
HAL_CAN_Receive_IT      0x08000535  0x10e  Code  Gb  stm32f1xx_hal_can.o [1]
HAL_CAN_RxCpltCallback  0x08000fb5    0xe  Code  Gb  control.o [1]
HAL_CAN_Transmit_IT     0x0800037b  0x1ba  Code  Gb  stm32f1xx_hal_can.o [1]
HAL_CAN_TxCpltCallback  0x0800092d    0x2  Code  Wk  stm32f1xx_hal_can.o [1]
HAL_DMA_IRQHandler      0x0800154f  0x170  Code  Gb  stm32f1xx_hal_dma.o [1]
HAL_DMA_Init            0x0800143d   0x78  Code  Gb  stm32f1xx_hal_dma.o [1]
HAL_DMA_Start_IT        0x080014b5   0x9a  Code  Gb  stm32f1xx_hal_dma.o [1]
HAL_GPIO_Init           0x0800112d  0x2ba  Code  Gb  stm32f1xx_hal_gpio.o [1]
HAL_GPIO_WritePin       0x080013e7   0x14  Code  Gb  stm32f1xx_hal_gpio.o [1]
HAL_GetTick             0x08000e27    0x6  Code  Wk  stm32f1xx_hal.o [1]
HAL_IncTick             0x08000e17   0x10  Code  Wk  stm32f1xx_hal.o [1]
HAL_Init                0x08000df5   0x22  Code  Gb  stm32f1xx_hal.o [1]
HAL_InitTick            0x08001b49   0x84  Code  Gb  stm32f1xx_hal_timebase_TIM.o [1]
HAL_MspInit             0x08000b55   0xa0  Code  Gb  stm32f1xx_hal_msp.o [1]
HAL_NVIC_EnableIRQ      0x080010cf    0xe  Code  Gb  stm32f1xx_hal_cortex.o [1]
HAL_NVIC_SetPriority    0x080010a9   0x26  Code  Gb  stm32f1xx_hal_cortex.o [1]
HAL_NVIC_SetPriorityGrouping
                        0x0800109d    0xc  Code  Gb  stm32f1xx_hal_cortex.o [1]
HAL_RCC_ClockConfig     0x08002183  0x186  Code  Gb  stm32f1xx_hal_rcc.o [1]
HAL_RCC_GetClockConfig  0x080023b3   0x3a  Code  Gb  stm32f1xx_hal_rcc.o [1]
HAL_RCC_GetHCLKFreq     0x08002381    0x6  Code  Gb  stm32f1xx_hal_rcc.o [1]
HAL_RCC_GetPCLK1Freq    0x08002387   0x16  Code  Gb  stm32f1xx_hal_rcc.o [1]
HAL_RCC_GetPCLK2Freq    0x0800239d   0x16  Code  Gb  stm32f1xx_hal_rcc.o [1]
HAL_RCC_GetSysClockFreq
                        0x08002309   0x78  Code  Gb  stm32f1xx_hal_rcc.o [1]
HAL_RCC_OscConfig       0x08001d25  0x45e  Code  Gb  stm32f1xx_hal_rcc.o [1]
HAL_SYSTICK_CLKSourceConfig
                        0x080010e9   0x22  Code  Gb  stm32f1xx_hal_cortex.o [1]
HAL_SYSTICK_Config      0x080010dd    0xc  Code  Gb  stm32f1xx_hal_cortex.o [1]
HAL_TIMEx_BreakCallback
                        0x080032f7    0x2  Code  Wk  stm32f1xx_hal_tim_ex.o [1]
HAL_TIMEx_CommutationCallback
                        0x080032f5    0x2  Code  Wk  stm32f1xx_hal_tim_ex.o [1]
HAL_TIM_Base_Init       0x0800281d   0x38  Code  Gb  stm32f1xx_hal_tim.o [1]
HAL_TIM_Base_MspInit    0x08002855    0x2  Code  Wk  stm32f1xx_hal_tim.o [1]
HAL_TIM_Base_Start_IT   0x08002857   0x1e  Code  Gb  stm32f1xx_hal_tim.o [1]
HAL_TIM_IC_CaptureCallback
                        0x080029ed    0x2  Code  Wk  stm32f1xx_hal_tim.o [1]
HAL_TIM_IRQHandler      0x08002875  0x176  Code  Gb  stm32f1xx_hal_tim.o [1]
HAL_TIM_OC_DelayElapsedCallback
                        0x080029eb    0x2  Code  Wk  stm32f1xx_hal_tim.o [1]
HAL_TIM_PWM_PulseFinishedCallback
                        0x080029ef    0x2  Code  Wk  stm32f1xx_hal_tim.o [1]
HAL_TIM_PeriodElapsedCallback
                        0x08001b35   0x12  Code  Gb  main.o [1]
HAL_TIM_TriggerCallback
                        0x080029f1    0x2  Code  Wk  stm32f1xx_hal_tim.o [1]
HAL_UART_ErrorCallback  0x0800258b    0x2  Code  Wk  stm32f1xx_hal_uart.o [1]
HAL_UART_Init           0x08002459   0x78  Code  Gb  stm32f1xx_hal_uart.o [1]
HAL_UART_MspInit        0x08000c7b  0x144  Code  Gb  stm32f1xx_hal_msp.o [1]
HAL_UART_Receive_DMA    0x080024d1   0xb6  Code  Gb  stm32f1xx_hal_uart.o [1]
HAL_UART_RxCpltCallback
                        0x08002587    0x2  Code  Wk  stm32f1xx_hal_uart.o [1]
HAL_UART_RxHalfCpltCallback
                        0x08002589    0x2  Code  Wk  stm32f1xx_hal_uart.o [1]
HardFault_Handler       0x080036d7    0x2  Code  Gb  stm32f1xx_it.o [1]
MX_CAN_Init             0x080017f1   0x62  Code  Lc  main.o [1]
MX_DMA_Init             0x080018e7   0x3c  Code  Lc  main.o [1]
MX_GPIO_Init            0x08001923   0xe6  Code  Lc  main.o [1]
MX_USART1_UART_Init     0x08001853   0x4a  Code  Lc  main.o [1]
MX_USART2_UART_Init     0x0800189d   0x4a  Code  Lc  main.o [1]
Master                  0x20001628   0x28  Data  Gb  main.o [1]
Master_init             0x08000e39   0x22  Code  Gb  control.o [1]
MemManage_Handler       0x080036d9    0x2  Code  Gb  stm32f1xx_it.o [1]
NMI_Handler             0x080036d5    0x2  Code  Gb  stm32f1xx_it.o [1]
NVIC_EnableIRQ          0x08000ff5   0x14  Code  Lc  stm32f1xx_hal_cortex.o [1]
NVIC_EncodePriority     0x0800102f   0x3e  Code  Lc  stm32f1xx_hal_cortex.o [1]
NVIC_GetPriorityGrouping
                        0x08000feb    0xa  Code  Lc  stm32f1xx_hal_cortex.o [1]
NVIC_SetPriority        0x08001009   0x26  Code  Lc  stm32f1xx_hal_cortex.o [1]
NVIC_SetPriorityGrouping
                        0x08000fcd   0x1e  Code  Lc  stm32f1xx_hal_cortex.o [1]
OnDataReceive           0x08000fc9    0x2  Code  Gb  control.o [1]
PendSV_Handler          0x080035e5         Code  Gb  portasm.o [1]
RCC_Delay               0x080023ed   0x26  Code  Lc  stm32f1xx_hal_rcc.o [1]
Region$$Table$$Base     0x0800382c          --   Gb  - Linker created -
Region$$Table$$Limit    0x08003850          --   Gb  - Linker created -
RxBuffer                0x20001010  0x400  Data  Lc  communication.o [1]
SVC_Handler             0x0800362b         Code  Gb  portasm.o [1]
StartDefaultTask        0x08001a8d   0x4e  Code  Gb  main.o [1]
StartDefaultTask::reEn  0x20000000    0x4  Data  Lc  main.o [1]
SysTick_Config          0x0800106d   0x30  Code  Lc  stm32f1xx_hal_cortex.o [1]
SysTick_Handler         0x080036e1    0x8  Code  Gb  stm32f1xx_it.o [1]
SystemClock_Config      0x08001767   0x8a  Code  Gb  main.o [1]
SystemCoreClock         0x20000008    0x4  Data  Gb  system_stm32f1xx.o [1]
SystemInit              0x0800366d   0x4e  Code  Gb  system_stm32f1xx.o [1]
TIM2_IRQHandler         0x0800371b    0xa  Code  Gb  stm32f1xx_it.o [1]
TIM_Base_SetConfig      0x080029f3   0x6c  Code  Gb  stm32f1xx_hal_tim.o [1]
UART_DMAError           0x080025e5   0x5c  Code  Lc  stm32f1xx_hal_uart.o [1]
UART_DMAReceiveCplt     0x0800258d   0x46  Code  Lc  stm32f1xx_hal_uart.o [1]
UART_DMARxHalfCplt      0x080025d5    0xe  Code  Lc  stm32f1xx_hal_uart.o [1]
UART_EndRxTransfer      0x08002657   0x20  Code  Lc  stm32f1xx_hal_uart.o [1]
UART_EndTxTransfer      0x08002641   0x16  Code  Lc  stm32f1xx_hal_uart.o [1]
UART_SetConfig          0x08002679  0x198  Code  Lc  stm32f1xx_hal_uart.o [1]
USB_HP_CAN1_TX_IRQHandler
                        0x080036fd    0xa  Code  Gb  stm32f1xx_it.o [1]
USB_LP_CAN1_RX0_IRQHandler
                        0x08003707    0xa  Code  Gb  stm32f1xx_it.o [1]
UsageFault_Handler      0x080036dd    0x2  Code  Gb  stm32f1xx_it.o [1]
_Error_Handler          0x08001b47    0x2  Code  Gb  main.o [1]
__aeabi_memset          0x08001c09         Code  Gb  ABImemset.o [4]
__cmain                 0x08003851         Code  Gb  cmain.o [4]
__exit                  0x08003881   0x14  Code  Gb  exit.o [5]
__iar_Memset            0x08001c09         Code  Gb  ABImemset.o [4]
__iar_Memset_word       0x08001c11         Code  Gb  ABImemset.o [4]
__iar_copy_init3        0x080037d9   0x2c  Code  Gb  copy_init3.o [4]
__iar_data_init3        0x08003805   0x28  Code  Gb  data_init.o [4]
__iar_program_start     0x080038f5         Code  Gb  cstartup_M.o [4]
__iar_unaligned___aeabi_memcpy4
                        0x08001c71         Code  Gb  ABImemcpy_unaligned.o [4]
__iar_unaligned___aeabi_memcpy8
                        0x08001c71         Code  Gb  ABImemcpy_unaligned.o [4]
__iar_zero_init3        0x08003735   0x40  Code  Gb  zero_init3.o [4]
__low_level_init        0x0800386b    0x4  Code  Gb  low_level_init.o [3]
__vector_table          0x08000000         Data  Gb  startup_stm32f103xb.o [1]
_call_main              0x0800385d         Code  Gb  cmain.o [4]
_exit                   0x08003875         Code  Gb  cexit.o [4]
_main                   0x08003867         Code  Gb  cmain.o [4]
cell_col                0x2000000d    0x1  Data  Gb  main.o [1]
cell_row                0x2000000c    0x1  Data  Gb  main.o [1]
defaultTaskHandle       0x20001714    0x4  Data  Gb  main.o [1]
deliverEn               0x2000175d    0x1  Data  Gb  main.o [1]
exit                    0x0800386f    0x4  Code  Gb  exit.o [3]
goods_count             0x2000000e    0x1  Data  Gb  main.o [1]
hcan                    0x2000149c   0x44  Data  Gb  main.o [1]
hdma_usart1_rx          0x200014e0   0x44  Data  Gb  main.o [1]
hdma_usart2_rx          0x20001524   0x44  Data  Gb  main.o [1]
htim2                   0x200015e8   0x40  Data  Gb  stm32f1xx_hal_timebase_TIM.o [1]
huart1                  0x20001568   0x40  Data  Gb  main.o [1]
huart2                  0x200015a8   0x40  Data  Gb  main.o [1]
main                    0x08001711   0x56  Code  Gb  main.o [1]
makeFreeRtosPriority    0x08001cc9   0x12  Code  Lc  cmsis_os.o [1]
osKernelStart           0x08001cdb    0xa  Code  Gb  cmsis_os.o [1]
osSystickHandler        0x08001d13   0x10  Code  Gb  cmsis_os.o [1]
osThreadCreate          0x08001ce5   0x2e  Code  Gb  cmsis_os.o [1]
pRead                   0x200016fc    0x4  Data  Lc  communication.o [1]
pWrite                  0x20001700    0x4  Data  Lc  communication.o [1]
prvAddNewTaskToReadyList
                        0x08002bb9   0xb8  Code  Lc  tasks.o [1]
prvCheckTasksWaitingTermination
                        0x08003025   0x66  Code  Lc  tasks.o [1]
prvDeleteTCB            0x0800308b   0x12  Code  Lc  tasks.o [1]
prvHeapInit             0x08003491   0x6e  Code  Lc  heap_4.o [1]
prvIdleTask             0x08002f9d   0x24  Code  Lc  tasks.o [1]
prvInitialiseNewTask    0x08002af1   0xc8  Code  Lc  tasks.o [1]
prvInitialiseTaskLists  0x08002fc5   0x56  Code  Lc  tasks.o [1]
prvInsertBlockIntoFreeList
                        0x080034ff   0x62  Code  Lc  heap_4.o [1]
prvResetNextTaskUnblockTime
                        0x0800309d   0x2e  Code  Lc  tasks.o [1]
prvTaskExitError        0x08003171   0x2a  Code  Lc  port.o [1]
pvPortMalloc            0x080032fd  0x11a  Code  Gb  heap_4.o [1]
pxCurrentTCB            0x20001720    0x4  Data  Gb  tasks.o [1]
pxDelayedTaskList       0x20001724    0x4  Data  Lc  tasks.o [1]
pxEnd                   0x20001704    0x4  Data  Lc  heap_4.o [1]
pxOverflowDelayedTaskList
                        0x20001728    0x4  Data  Lc  tasks.o [1]
pxPortInitialiseStack   0x08003151   0x20  Code  Gb  port.o [1]
pxReadyTasksLists       0x20001410   0x8c  Data  Lc  tasks.o [1]
rxmsg                   0x20001650   0x24  Data  Gb  main.o [1]
timeoutcnt              0x2000175c    0x1  Data  Gb  control.o [1]
txmsg                   0x20001674   0x1c  Data  Gb  main.o [1]
ucHeap                  0x20000410  0xc00  Data  Lc  heap_4.o [1]
ucMaxSysCallPriority    0x2000175e    0x1  Data  Lc  port.o [1]
ulMaxPRIGROUPValue      0x20001718    0x4  Data  Lc  port.o [1]
uwTick                  0x2000171c    0x4  Data  Gb  stm32f1xx_hal.o [1]
uwTickFreq              0x2000000f    0x1  Data  Gb  stm32f1xx_hal.o [1]
uxCriticalNesting       0x20000004    0x4  Data  Lc  port.o [1]
uxCurrentNumberOfTasks  0x20001730    0x4  Data  Lc  tasks.o [1]
uxDeletedTasksWaitingCleanUp
                        0x2000172c    0x4  Data  Lc  tasks.o [1]
uxListRemove            0x080035bd   0x28  Code  Gb  list.o [1]
uxPendedTicks           0x20001740    0x4  Data  Lc  tasks.o [1]
uxSchedulerSuspended    0x20001758    0x4  Data  Lc  tasks.o [1]
uxTaskNumber            0x2000174c    0x4  Data  Lc  tasks.o [1]
uxTopReadyPriority      0x20001738    0x4  Data  Lc  tasks.o [1]
vListInitialise         0x08003581   0x1e  Code  Gb  list.o [1]
vListInitialiseItem     0x0800359f    0x6  Code  Gb  list.o [1]
vListInsertEnd          0x080035a5   0x18  Code  Gb  list.o [1]
vPortEnterCritical      0x08003223   0x3a  Code  Gb  port.o [1]
vPortExitCritical       0x0800325d   0x32  Code  Gb  port.o [1]
vPortFree               0x08003417   0x7a  Code  Gb  heap_4.o [1]
vPortSetupTimerInterrupt
                        0x080032b7   0x1a  Code  Wk  port.o [1]
vPortStartFirstTask     0x0800364b         Code  Gb  portasm.o [1]
vTaskStartScheduler     0x08002c71   0x68  Code  Gb  tasks.o [1]
vTaskSuspendAll         0x08002cd9   0x10  Code  Gb  tasks.o [1]
vTaskSwitchContext      0x08002f19   0x74  Code  Gb  tasks.o [1]
xBlockAllocatedBit      0x20001710    0x4  Data  Lc  heap_4.o [1]
xDelayedTaskList1       0x20001690   0x14  Data  Lc  tasks.o [1]
xDelayedTaskList2       0x200016a4   0x14  Data  Lc  tasks.o [1]
xFreeBytesRemaining     0x20001708    0x4  Data  Lc  heap_4.o [1]
xHeapStructSize         0x08003910    0x4  Data  Lc  heap_4.o [1]
xIdleTaskHandle         0x20001754    0x4  Data  Lc  tasks.o [1]
xMinimumEverFreeBytesRemaining
                        0x2000170c    0x4  Data  Lc  heap_4.o [1]
xNextTaskUnblockTime    0x20001750    0x4  Data  Lc  tasks.o [1]
xNumOfOverflows         0x20001748    0x4  Data  Lc  tasks.o [1]
xPendingReadyList       0x200016b8   0x14  Data  Lc  tasks.o [1]
xPortStartScheduler     0x0800319b   0x88  Code  Gb  port.o [1]
xPortSysTickHandler     0x0800328f   0x28  Code  Gb  port.o [1]
xSchedulerRunning       0x2000173c    0x4  Data  Lc  tasks.o [1]
xStart                  0x200016f4    0x8  Data  Lc  heap_4.o [1]
xSuspendedTaskList      0x200016e0   0x14  Data  Lc  tasks.o [1]
xTaskCreate             0x08002a6d   0x84  Code  Gb  tasks.o [1]
xTaskGetSchedulerState  0x080030d1   0x26  Code  Gb  tasks.o [1]
xTaskIncrementTick      0x08002de7  0x132  Code  Gb  tasks.o [1]
xTaskResumeAll          0x08002ce9   0xfe  Code  Gb  tasks.o [1]
xTasksWaitingTermination
                        0x200016cc   0x14  Data  Lc  tasks.o [1]
xTickCount              0x20001734    0x4  Data  Lc  tasks.o [1]
xYieldPending           0x20001744    0x4  Data  Lc  tasks.o [1]


[1] = F:\New Sale System\Code\Master\EWARM\Master\Obj
[2] = command line
[3] = dl7M_tlf.a
[4] = rt7M_tl.a
[5] = shb_l.a

  14 522 bytes of readonly  code memory
     238 bytes of readonly  data memory
   5 983 bytes of readwrite data memory

Errors: none
Warnings: none
